// Jest Snapshot v1, https://goo.gl/fbAQLP

exports[`CheckBox component render should render CheckBox component correctly 1`] = `
<input
  class="form-checkbox text-[#344767] h-5 w-5 border-[#dee2e6] rounded-md checked:bg-[length:90%_90%] border-[1px] checked:bg-[length:80%_80%] border-[1px] checked:bg-[length:50%_50%] border-[1px]"
  data-testid="checkbox"
  id="checkbox"
  type="checkbox"
/>
`;
