// Jest Snapshot v1, https://goo.gl/fbAQLP

exports[`Testing InvoiceHeader component Should match snapshot 1`] = `
<div>
  <div
    class="tremor-Flex-root flex w-full justify-between items-center flex-col md:flex-row"
  >
    <div
      class="tremor-Flex-root flex w-full flex-col justify-between items-start md:max-w-[33.333333%]"
    >
      <div
        class="w-16 h-16 m-2 text-center"
      >
        <div
          class="inline-block border-[3px] border-black dark:border-white rounded-[3px] w-[30px] h-[30px] -mr-[1.5px]"
        >
          <svg
            class="inline-block text-xl dark:text-white"
            fill="currentColor"
            height="1em"
            stroke="currentColor"
            stroke-width="0"
            viewBox="0 0 320 512"
            width="1em"
            xmlns="http://www.w3.org/2000/svg"
          >
            <path
              d="M177 159.7l136 136c9.4 9.4 9.4 24.6 0 33.9l-22.6 22.6c-9.4 9.4-24.6 9.4-33.9 0L160 255.9l-96.4 96.4c-9.4 9.4-24.6 9.4-33.9 0L7 329.7c-9.4-9.4-9.4-24.6 0-33.9l136-136c9.4-9.5 24.6-9.5 34-.1z"
            />
          </svg>
        </div>
        <div
          class="inline-block border-[3px] border-black dark:border-white rounded-[3px] w-[30px] h-[30px] -ml-[1.5px]"
        >
          <svg
            class="inline-block text-xl dark:text-white"
            fill="currentColor"
            height="1em"
            stroke="currentColor"
            stroke-width="0"
            viewBox="0 0 320 512"
            width="1em"
            xmlns="http://www.w3.org/2000/svg"
          >
            <path
              d="M177 159.7l136 136c9.4 9.4 9.4 24.6 0 33.9l-22.6 22.6c-9.4 9.4-24.6 9.4-33.9 0L160 255.9l-96.4 96.4c-9.4 9.4-24.6 9.4-33.9 0L7 329.7c-9.4-9.4-9.4-24.6 0-33.9l136-136c9.4-9.5 24.6-9.5 34-.1z"
            />
          </svg>
        </div>
        <div
          class="inline-block border-[3px] border-black dark:border-white rounded-[3px] w-[30px] h-[30px] -mt-[3px]"
        >
          <svg
            class="inline-block text-xl dark:text-white"
            fill="currentColor"
            height="1em"
            stroke="currentColor"
            stroke-width="0"
            viewBox="0 0 320 512"
            width="1em"
            xmlns="http://www.w3.org/2000/svg"
          >
            <path
              d="M143 352.3L7 216.3c-9.4-9.4-9.4-24.6 0-33.9l22.6-22.6c9.4-9.4 24.6-9.4 33.9 0l96.4 96.4 96.4-96.4c9.4-9.4 24.6-9.4 33.9 0l22.6 22.6c9.4 9.4 9.4 24.6 0 33.9l-136 136c-9.2 9.4-24.4 9.4-33.8 0z"
            />
          </svg>
        </div>
      </div>
      <p
        class="text-primary dark:text-white font-bold leading-[26px] tracking-[0.12px] mt-3"
      >
        St. Independence Embankment, 050105 Bucharest, Romania
      </p>
      <p
        class="text-secondary dark:text-dark-romance font-primary font-light leading-[25.6px] tracking-[0.17136px] mt-2 mb-4"
      >
        tel: +4 (074) 1090873
      </p>
    </div>
    <div
      class="tremor-Flex-root flex w-full flex-col justify-between items-start md:items-end mt-10 md:mt-0"
    >
      <p
        class="text-primary dark:text-white font-bold leading-[26px] tracking-[0.12px]"
      >
        Billed to: John Doe
      </p>
      <p
        class="text-secondary dark:text-dark-romance font-primary font-light leading-[25.6px] tracking-[0.17136px] md:text-right"
      >
        4006 Locust View Drive
        <br />
         San Francisco CA
        <br />
         California
      </p>
    </div>
  </div>
</div>
`;
