// Jest Snapshot v1, https://goo.gl/fbAQLP

exports[`Test InputField component Should match snapshot 1`] = `
<div>
  <div
    class="relative w-full"
  >
    <input
      class="block py-2.5 px-0 w-full text-sm text-gray-900 bg-transparent border-0 border-b-2 border-gray-300 appearance-none dark:text-white dark:border-gray-600 dark:focus:border-gray-500 focus:outline-none focus:ring-0 focus:border-gray-600 peer"
      id="test-input-field"
      placeholder=""
    />
    <label
      class="absolute text-gray-500 text-sm dark:text-gray-400 duration-300 transform -translate-y-6 scale-75 top-3 origin-[0] peer-focus:start-0 peer-focus:text-gray-600 peer-focus:dark:text-gray-500 peer-placeholder-shown:scale-100 peer-placeholder-shown:translate-y-0 peer-focus:scale-75 peer-focus:-translate-y-6 rtl:peer-focus:translate-x-1/4 rtl:peer-focus:left-auto"
      for="test-input-field"
    >
      Test InputField
    </label>
  </div>
</div>
`;
