// Jest Snapshot v1, https://goo.gl/fbAQLP

exports[`DashboardHeader component Should render DashboardHeader snapshot correctly 1`] = `
{
  "asFragment": [Function],
  "baseElement": <body>
    <div>
      <div
        class="print:hidden mb-4 transition-all duration-300 ease-in delay-20 false"
      >
        <div
          class="h-16 flex items-center justify-between px-2 px-4"
        >
          <div
            class="flex items-center"
          >
            <button
              class="tremor-Button-root shrink-0 justify-center items-center group font-medium outline-none text-sm text-tremor-brand dark:text-dark-tremor-brand bg-transparent hover:text-tremor-brand-emphasis dark:hover:text-dark-tremor-brand-emphasis block xl:hidden cursor-pointer mr-2"
            >
              <span
                class="tremor-Button-text text-tremor-default whitespace-nowrap"
              >
                <svg
                  class="text-2xl text-secondary dark:text-white"
                  color=""
                  fill="currentColor"
                  height="1em"
                  stroke="currentColor"
                  stroke-width="0"
                  viewBox="0 0 24 24"
                  width="1em"
                  xmlns="http://www.w3.org/2000/svg"
                >
                  <path
                    d="M0 0h24v24H0z"
                    fill="none"
                  />
                  <path
                    d="M3 18h18v-2H3v2zm0-5h18v-2H3v2zm0-7v2h18V6H3z"
                  />
                </svg>
              </span>
            </button>
            <nav
              class="pl-3 md:pl-0"
            >
              <ol
                class="flex flex-wrap gap-1 sm:gap-2 items-center text-gray-400 dark:text-white"
              >
                <li
                  class="text-sm flex items-center gap-1 sm:gap-2 capitalize dark:text-dark-primary tracking-[0.02857em]"
                >
                  <a
                    aria-label="Home icon"
                    href="/analytics"
                  >
                    <svg
                      class="text-lg"
                      fill="currentColor"
                      height="1em"
                      stroke="currentColor"
                      stroke-width="0"
                      viewBox="0 0 24 24"
                      width="1em"
                      xmlns="http://www.w3.org/2000/svg"
                    >
                      <path
                        d="M0 0h24v24H0z"
                        fill="none"
                      />
                      <path
                        d="M10 20v-6h4v6h5v-8h3L12 3 2 12h3v8z"
                      />
                    </svg>
                  </a>
                  /
                </li>
              </ol>
              <p
                class="text-tremor-title dark:text-dark-tremor-content-title font-bold capitalize tracking-[0.0075em] mt-1 text-primary"
              />
            </nav>
          </div>
          <div
            class="flex items-center justify-end md:items-center pl-6 xl:pl-0 min-w-[100px]"
          >
            <div
              class="flex flex-wrap item-center gap-y-1"
            >
              <button
                class="tremor-Button-root shrink-0 justify-center group font-medium outline-none text-sm text-tremor-brand dark:text-dark-tremor-brand bg-transparent hover:text-tremor-brand-emphasis dark:hover:text-dark-tremor-brand-emphasis relative p-2 flex items-center"
              >
                <span
                  class="tremor-Button-text text-tremor-default whitespace-nowrap"
                >
                  <svg
                    aria-hidden="true"
                    class="text-tremor-content text-xl cursor-pointer"
                    color=""
                    fill="currentColor"
                    height="1em"
                    stroke="currentColor"
                    stroke-width="0"
                    viewBox="0 0 20 20"
                    width="1em"
                    xmlns="http://www.w3.org/2000/svg"
                  >
                    <path
                      clip-rule="evenodd"
                      d="M7.455 2.004a.75.75 0 01.26.77 7 7 0 009.958 7.967.75.75 0 011.067.853A8.5 8.5 0 116.647 1.921a.75.75 0 01.808.083z"
                      fill-rule="evenodd"
                    />
                  </svg>
                </span>
              </button>
              <div
                class="relative p-2 flex items-center"
              >
                <svg
                  class="text-tremor-content text-xl cursor-pointer"
                  color=""
                  fill="currentColor"
                  height="1em"
                  stroke="currentColor"
                  stroke-width="0"
                  viewBox="0 0 24 24"
                  width="1em"
                  xmlns="http://www.w3.org/2000/svg"
                >
                  <path
                    d="M12 22c1.1 0 2-.9 2-2h-4a2 2 0 002 2zm6-6v-5c0-3.07-1.64-5.64-4.5-6.32V4c0-.83-.67-1.5-1.5-1.5s-1.5.67-1.5 1.5v.68C7.63 5.36 6 7.92 6 11v5l-2 2v1h16v-1l-2-2z"
                  />
                </svg>
                <div
                  class="absolute top-0 -right-0.5 text-white rounded-full bg-red-500 text-[10px] font-bold py-1 px-2 cursor-pointer leading-none false"
                >
                  9
                </div>
              </div>
            </div>
          </div>
        </div>
      </div>
    </div>
  </body>,
  "container": <div>
    <div
      class="print:hidden mb-4 transition-all duration-300 ease-in delay-20 false"
    >
      <div
        class="h-16 flex items-center justify-between px-2 px-4"
      >
        <div
          class="flex items-center"
        >
          <button
            class="tremor-Button-root shrink-0 justify-center items-center group font-medium outline-none text-sm text-tremor-brand dark:text-dark-tremor-brand bg-transparent hover:text-tremor-brand-emphasis dark:hover:text-dark-tremor-brand-emphasis block xl:hidden cursor-pointer mr-2"
          >
            <span
              class="tremor-Button-text text-tremor-default whitespace-nowrap"
            >
              <svg
                class="text-2xl text-secondary dark:text-white"
                color=""
                fill="currentColor"
                height="1em"
                stroke="currentColor"
                stroke-width="0"
                viewBox="0 0 24 24"
                width="1em"
                xmlns="http://www.w3.org/2000/svg"
              >
                <path
                  d="M0 0h24v24H0z"
                  fill="none"
                />
                <path
                  d="M3 18h18v-2H3v2zm0-5h18v-2H3v2zm0-7v2h18V6H3z"
                />
              </svg>
            </span>
          </button>
          <nav
            class="pl-3 md:pl-0"
          >
            <ol
              class="flex flex-wrap gap-1 sm:gap-2 items-center text-gray-400 dark:text-white"
            >
              <li
                class="text-sm flex items-center gap-1 sm:gap-2 capitalize dark:text-dark-primary tracking-[0.02857em]"
              >
                <a
                  aria-label="Home icon"
                  href="/analytics"
                >
                  <svg
                    class="text-lg"
                    fill="currentColor"
                    height="1em"
                    stroke="currentColor"
                    stroke-width="0"
                    viewBox="0 0 24 24"
                    width="1em"
                    xmlns="http://www.w3.org/2000/svg"
                  >
                    <path
                      d="M0 0h24v24H0z"
                      fill="none"
                    />
                    <path
                      d="M10 20v-6h4v6h5v-8h3L12 3 2 12h3v8z"
                    />
                  </svg>
                </a>
                /
              </li>
            </ol>
            <p
              class="text-tremor-title dark:text-dark-tremor-content-title font-bold capitalize tracking-[0.0075em] mt-1 text-primary"
            />
          </nav>
        </div>
        <div
          class="flex items-center justify-end md:items-center pl-6 xl:pl-0 min-w-[100px]"
        >
          <div
            class="flex flex-wrap item-center gap-y-1"
          >
            <button
              class="tremor-Button-root shrink-0 justify-center group font-medium outline-none text-sm text-tremor-brand dark:text-dark-tremor-brand bg-transparent hover:text-tremor-brand-emphasis dark:hover:text-dark-tremor-brand-emphasis relative p-2 flex items-center"
            >
              <span
                class="tremor-Button-text text-tremor-default whitespace-nowrap"
              >
                <svg
                  aria-hidden="true"
                  class="text-tremor-content text-xl cursor-pointer"
                  color=""
                  fill="currentColor"
                  height="1em"
                  stroke="currentColor"
                  stroke-width="0"
                  viewBox="0 0 20 20"
                  width="1em"
                  xmlns="http://www.w3.org/2000/svg"
                >
                  <path
                    clip-rule="evenodd"
                    d="M7.455 2.004a.75.75 0 01.26.77 7 7 0 009.958 7.967.75.75 0 011.067.853A8.5 8.5 0 116.647 1.921a.75.75 0 01.808.083z"
                    fill-rule="evenodd"
                  />
                </svg>
              </span>
            </button>
            <div
              class="relative p-2 flex items-center"
            >
              <svg
                class="text-tremor-content text-xl cursor-pointer"
                color=""
                fill="currentColor"
                height="1em"
                stroke="currentColor"
                stroke-width="0"
                viewBox="0 0 24 24"
                width="1em"
                xmlns="http://www.w3.org/2000/svg"
              >
                <path
                  d="M12 22c1.1 0 2-.9 2-2h-4a2 2 0 002 2zm6-6v-5c0-3.07-1.64-5.64-4.5-6.32V4c0-.83-.67-1.5-1.5-1.5s-1.5.67-1.5 1.5v.68C7.63 5.36 6 7.92 6 11v5l-2 2v1h16v-1l-2-2z"
                />
              </svg>
              <div
                class="absolute top-0 -right-0.5 text-white rounded-full bg-red-500 text-[10px] font-bold py-1 px-2 cursor-pointer leading-none false"
              >
                9
              </div>
            </div>
          </div>
        </div>
      </div>
    </div>
  </div>,
  "debug": [Function],
  "findAllByAltText": [Function],
  "findAllByDisplayValue": [Function],
  "findAllByLabelText": [Function],
  "findAllByPlaceholderText": [Function],
  "findAllByRole": [Function],
  "findAllByTestId": [Function],
  "findAllByText": [Function],
  "findAllByTitle": [Function],
  "findByAltText": [Function],
  "findByDisplayValue": [Function],
  "findByLabelText": [Function],
  "findByPlaceholderText": [Function],
  "findByRole": [Function],
  "findByTestId": [Function],
  "findByText": [Function],
  "findByTitle": [Function],
  "getAllByAltText": [Function],
  "getAllByDisplayValue": [Function],
  "getAllByLabelText": [Function],
  "getAllByPlaceholderText": [Function],
  "getAllByRole": [Function],
  "getAllByTestId": [Function],
  "getAllByText": [Function],
  "getAllByTitle": [Function],
  "getByAltText": [Function],
  "getByDisplayValue": [Function],
  "getByLabelText": [Function],
  "getByPlaceholderText": [Function],
  "getByRole": [Function],
  "getByTestId": [Function],
  "getByText": [Function],
  "getByTitle": [Function],
  "queryAllByAltText": [Function],
  "queryAllByDisplayValue": [Function],
  "queryAllByLabelText": [Function],
  "queryAllByPlaceholderText": [Function],
  "queryAllByRole": [Function],
  "queryAllByTestId": [Function],
  "queryAllByText": [Function],
  "queryAllByTitle": [Function],
  "queryByAltText": [Function],
  "queryByDisplayValue": [Function],
  "queryByLabelText": [Function],
  "queryByPlaceholderText": [Function],
  "queryByRole": [Function],
  "queryByTestId": [Function],
  "queryByText": [Function],
  "queryByTitle": [Function],
  "rerender": [Function],
  "unmount": [Function],
}
`;
