// Jest Snapshot v1, https://goo.gl/fbAQLP

exports[`Testing Order detail contact section Should match snapshot 1`] = `
{
  "asFragment": [Function],
  "baseElement": <body>
    <div>
      <p
        class="text-tremor-title font-primary font-bold text-primary dark:text-dark-primary text-xl leading-snug capitalize"
      >
        Media
      </p>
      <p
        class="text-tremor-default text-tremor-content dark:text-dark-tremor-content mt-8"
      >
        Product Image
      </p>
      <div
        class="tremor-Flex-root flex w-full flex-row justify-between items-center"
      >
        <label
          class="flex flex-col items-center justify-center w-full p-5 my-2 min-h-[150px] text-secondary hover:text-secondary dark:text-dark-romance text-sm font-normal cursor-pointer border border-gray-300 rounded-md dropzone"
          for="upload_products"
        >
          <p
            class="text-tremor-default text-tremor-content dark:text-dark-tremor-content p-4"
          >
            Drop files here to upload
          </p>
          <input
            class="hidden"
            id="upload_products"
            multiple=""
            type="file"
          />
          <div
            class="tremor-Flex-root w-full flex-row justify-start items-center hidden"
          >
            <div
              class="tremor-Flex-root flex flex-col justify-between items-center relative w-auto m-4 group"
            >
              <div
                class="tremor-Flex-root flex w-full flex-row justify-between items-center overflow-hidden rounded-[20px]"
              >
                <img
                  alt="Gold Glasses"
                  class="relative z-10 group-hover:blur group-hover:scale-105 product-img"
                  data-nimg="1"
                  decoding="async"
                  fetchpriority="high"
                  height="120"
                  src="http://localhost/_next/image?url=https%3A%2F%2Fdemos.creative-tim.com%2Fnextjs-material-dashboard-pro%2F%2F_next%2Fstatic%2Fmedia%2Fproduct-12.0b55635d.jpg&w=256&q=75"
                  srcset="/_next/image?url=https%3A%2F%2Fdemos.creative-tim.com%2Fnextjs-material-dashboard-pro%2F%2F_next%2Fstatic%2Fmedia%2Fproduct-12.0b55635d.jpg&w=128&q=75 1x, /_next/image?url=https%3A%2F%2Fdemos.creative-tim.com%2Fnextjs-material-dashboard-pro%2F%2F_next%2Fstatic%2Fmedia%2Fproduct-12.0b55635d.jpg&w=256&q=75 2x"
                  style="color: transparent;"
                  width="120"
                />
              </div>
              <div
                class="tremor-Flex-root flex w-full flex-col justify-start items-center absolute z-20 min-h-full max-h-full px-2 py-6"
              >
                <p
                  class="text-tremor-title text-tremor-content-emphasis dark:text-dark-title uppercase px-2 mb-4 leading-5 bg-white opacity-70 rounded product-size"
                >
                  <b
                    class="text-inherit font-bold"
                  >
                    71.4
                  </b>
                   kb
                </p>
                <p
                  class="text-tremor-default dark:text-dark-tremor-content text-primary px-2 mb-4 bg-white opacity-70 rounded truncate max-w-[100px] product-file-name"
                >
                  product-12.0b55635d.jpg
                </p>
              </div>
              <div
                class="tremor-Flex-root flex w-full flex-row justify-between items-center absolute z-50 top-1/2 left-1/2 -ml-10 opacity-0"
              >
                <div
                  class="tremor-ProgressBar-root flex items-center w-20"
                >
                  <div
                    class="tremor-ProgressBar-progressBarWrapper relative flex items-center w-full rounded-tremor-full bg-opacity-20 bg-gray-500 h-2"
                  >
                    <div
                      class="tremor-ProgressBar-progressBar flex-col h-full rounded-tremor-full bg-gray-500"
                      style="width: 45%;"
                    />
                  </div>
                </div>
              </div>
              <div
                class="tremor-Flex-root flex w-full flex-row justify-between items-center absolute z-30 top-1/2 left-1/2 -mt-[27px] -ml-[27px] opacity-0"
              >
                <svg
                  height="54px"
                  version="1.1"
                  viewBox="0 0 54 54"
                  width="54px"
                  xmlns="http://www.w3.org/2000/svg"
                >
                  <title>
                    Check
                  </title>
                  <g
                    fill="none"
                    fill-rule="evenodd"
                    stroke="none"
                    stroke-width="1"
                  >
                    <path
                      d="M23.5,31.8431458 L17.5852419,25.9283877 C16.0248253,24.3679711 13.4910294,24.366835 11.9289322,25.9289322 C10.3700136,27.4878508 10.3665912,30.0234455 11.9283877,31.5852419 L20.4147581,40.0716123 C20.5133999,40.1702541 20.6159315,40.2626649 20.7218615,40.3488435 C22.2835669,41.8725651 24.794234,41.8626202 26.3461564,40.3106978 L43.3106978,23.3461564 C44.8771021,21.7797521 44.8758057,19.2483887 43.3137085,17.6862915 C41.7547899,16.1273729 39.2176035,16.1255422 37.6538436,17.6893022 L23.5,31.8431458 Z M27,53 C41.3594035,53 53,41.3594035 53,27 C53,12.6405965 41.3594035,1 27,1 C12.6405965,1 1,12.6405965 1,27 C1,41.3594035 12.6405965,53 27,53 Z"
                      fill="#FFFFFF"
                      fill-opacity="0.816519475"
                      stroke="#747474"
                      stroke-opacity="0.198794158"
                    />
                  </g>
                </svg>
              </div>
              <div
                class="tremor-Flex-root flex w-full flex-row justify-between items-center absolute z-30 top-1/2 left-1/2 -mt-[27px] -ml-[27px] opacity-100"
              >
                <svg
                  height="54px"
                  version="1.1"
                  viewBox="0 0 54 54"
                  width="54px"
                  xmlns="http://www.w3.org/2000/svg"
                >
                  <title>
                    Error
                  </title>
                  <g
                    fill="none"
                    fill-rule="evenodd"
                    stroke="none"
                    stroke-width="1"
                  >
                    <g
                      fill="#FFFFFF"
                      fill-opacity="0.816519475"
                      stroke="#747474"
                      stroke-opacity="0.198794158"
                    >
                      <path
                        d="M32.6568542,29 L38.3106978,23.3461564 C39.8771021,21.7797521 39.8758057,19.2483887 38.3137085,17.6862915 C36.7547899,16.1273729 34.2176035,16.1255422 32.6538436,17.6893022 L27,23.3431458 L21.3461564,17.6893022 C19.7823965,16.1255422 17.2452101,16.1273729 15.6862915,17.6862915 C14.1241943,19.2483887 14.1228979,21.7797521 15.6893022,23.3461564 L21.3431458,29 L15.6893022,34.6538436 C14.1228979,36.2202479 14.1241943,38.7516113 15.6862915,40.3137085 C17.2452101,41.8726271 19.7823965,41.8744578 21.3461564,40.3106978 L27,34.6568542 L32.6538436,40.3106978 C34.2176035,41.8744578 36.7547899,41.8726271 38.3137085,40.3137085 C39.8758057,38.7516113 39.8771021,36.2202479 38.3106978,34.6538436 L32.6568542,29 Z M27,53 C41.3594035,53 53,41.3594035 53,27 C53,12.6405965 41.3594035,1 27,1 C12.6405965,1 1,12.6405965 1,27 C1,41.3594035 12.6405965,53 27,53 Z"
                      />
                    </g>
                  </g>
                </svg>
              </div>
              <button
                class="tremor-Button-root flex-shrink-0 inline-flex justify-center items-center group outline-none bg-transparent dark:hover:text-dark-tremor-brand-emphasis text-primary font-normal hover:text-primary dark:text-dark-primary text-xs px-6 py-0"
              >
                <span
                  class="tremor-Button-text text-sm whitespace-nowrap"
                >
                  Remove file
                </span>
              </button>
            </div>
          </div>
        </label>
      </div>
    </div>
  </body>,
  "container": <div>
    <p
      class="text-tremor-title font-primary font-bold text-primary dark:text-dark-primary text-xl leading-snug capitalize"
    >
      Media
    </p>
    <p
      class="text-tremor-default text-tremor-content dark:text-dark-tremor-content mt-8"
    >
      Product Image
    </p>
    <div
      class="tremor-Flex-root flex w-full flex-row justify-between items-center"
    >
      <label
        class="flex flex-col items-center justify-center w-full p-5 my-2 min-h-[150px] text-secondary hover:text-secondary dark:text-dark-romance text-sm font-normal cursor-pointer border border-gray-300 rounded-md dropzone"
        for="upload_products"
      >
        <p
          class="text-tremor-default text-tremor-content dark:text-dark-tremor-content p-4"
        >
          Drop files here to upload
        </p>
        <input
          class="hidden"
          id="upload_products"
          multiple=""
          type="file"
        />
        <div
          class="tremor-Flex-root w-full flex-row justify-start items-center hidden"
        >
          <div
            class="tremor-Flex-root flex flex-col justify-between items-center relative w-auto m-4 group"
          >
            <div
              class="tremor-Flex-root flex w-full flex-row justify-between items-center overflow-hidden rounded-[20px]"
            >
              <img
                alt="Gold Glasses"
                class="relative z-10 group-hover:blur group-hover:scale-105 product-img"
                data-nimg="1"
                decoding="async"
                fetchpriority="high"
                height="120"
                src="http://localhost/_next/image?url=https%3A%2F%2Fdemos.creative-tim.com%2Fnextjs-material-dashboard-pro%2F%2F_next%2Fstatic%2Fmedia%2Fproduct-12.0b55635d.jpg&w=256&q=75"
                srcset="/_next/image?url=https%3A%2F%2Fdemos.creative-tim.com%2Fnextjs-material-dashboard-pro%2F%2F_next%2Fstatic%2Fmedia%2Fproduct-12.0b55635d.jpg&w=128&q=75 1x, /_next/image?url=https%3A%2F%2Fdemos.creative-tim.com%2Fnextjs-material-dashboard-pro%2F%2F_next%2Fstatic%2Fmedia%2Fproduct-12.0b55635d.jpg&w=256&q=75 2x"
                style="color: transparent;"
                width="120"
              />
            </div>
            <div
              class="tremor-Flex-root flex w-full flex-col justify-start items-center absolute z-20 min-h-full max-h-full px-2 py-6"
            >
              <p
                class="text-tremor-title text-tremor-content-emphasis dark:text-dark-title uppercase px-2 mb-4 leading-5 bg-white opacity-70 rounded product-size"
              >
                <b
                  class="text-inherit font-bold"
                >
                  71.4
                </b>
                 kb
              </p>
              <p
                class="text-tremor-default dark:text-dark-tremor-content text-primary px-2 mb-4 bg-white opacity-70 rounded truncate max-w-[100px] product-file-name"
              >
                product-12.0b55635d.jpg
              </p>
            </div>
            <div
              class="tremor-Flex-root flex w-full flex-row justify-between items-center absolute z-50 top-1/2 left-1/2 -ml-10 opacity-0"
            >
              <div
                class="tremor-ProgressBar-root flex items-center w-20"
              >
                <div
                  class="tremor-ProgressBar-progressBarWrapper relative flex items-center w-full rounded-tremor-full bg-opacity-20 bg-gray-500 h-2"
                >
                  <div
                    class="tremor-ProgressBar-progressBar flex-col h-full rounded-tremor-full bg-gray-500"
                    style="width: 45%;"
                  />
                </div>
              </div>
            </div>
            <div
              class="tremor-Flex-root flex w-full flex-row justify-between items-center absolute z-30 top-1/2 left-1/2 -mt-[27px] -ml-[27px] opacity-0"
            >
              <svg
                height="54px"
                version="1.1"
                viewBox="0 0 54 54"
                width="54px"
                xmlns="http://www.w3.org/2000/svg"
              >
                <title>
                  Check
                </title>
                <g
                  fill="none"
                  fill-rule="evenodd"
                  stroke="none"
                  stroke-width="1"
                >
                  <path
                    d="M23.5,31.8431458 L17.5852419,25.9283877 C16.0248253,24.3679711 13.4910294,24.366835 11.9289322,25.9289322 C10.3700136,27.4878508 10.3665912,30.0234455 11.9283877,31.5852419 L20.4147581,40.0716123 C20.5133999,40.1702541 20.6159315,40.2626649 20.7218615,40.3488435 C22.2835669,41.8725651 24.794234,41.8626202 26.3461564,40.3106978 L43.3106978,23.3461564 C44.8771021,21.7797521 44.8758057,19.2483887 43.3137085,17.6862915 C41.7547899,16.1273729 39.2176035,16.1255422 37.6538436,17.6893022 L23.5,31.8431458 Z M27,53 C41.3594035,53 53,41.3594035 53,27 C53,12.6405965 41.3594035,1 27,1 C12.6405965,1 1,12.6405965 1,27 C1,41.3594035 12.6405965,53 27,53 Z"
                    fill="#FFFFFF"
                    fill-opacity="0.816519475"
                    stroke="#747474"
                    stroke-opacity="0.198794158"
                  />
                </g>
              </svg>
            </div>
            <div
              class="tremor-Flex-root flex w-full flex-row justify-between items-center absolute z-30 top-1/2 left-1/2 -mt-[27px] -ml-[27px] opacity-100"
            >
              <svg
                height="54px"
                version="1.1"
                viewBox="0 0 54 54"
                width="54px"
                xmlns="http://www.w3.org/2000/svg"
              >
                <title>
                  Error
                </title>
                <g
                  fill="none"
                  fill-rule="evenodd"
                  stroke="none"
                  stroke-width="1"
                >
                  <g
                    fill="#FFFFFF"
                    fill-opacity="0.816519475"
                    stroke="#747474"
                    stroke-opacity="0.198794158"
                  >
                    <path
                      d="M32.6568542,29 L38.3106978,23.3461564 C39.8771021,21.7797521 39.8758057,19.2483887 38.3137085,17.6862915 C36.7547899,16.1273729 34.2176035,16.1255422 32.6538436,17.6893022 L27,23.3431458 L21.3461564,17.6893022 C19.7823965,16.1255422 17.2452101,16.1273729 15.6862915,17.6862915 C14.1241943,19.2483887 14.1228979,21.7797521 15.6893022,23.3461564 L21.3431458,29 L15.6893022,34.6538436 C14.1228979,36.2202479 14.1241943,38.7516113 15.6862915,40.3137085 C17.2452101,41.8726271 19.7823965,41.8744578 21.3461564,40.3106978 L27,34.6568542 L32.6538436,40.3106978 C34.2176035,41.8744578 36.7547899,41.8726271 38.3137085,40.3137085 C39.8758057,38.7516113 39.8771021,36.2202479 38.3106978,34.6538436 L32.6568542,29 Z M27,53 C41.3594035,53 53,41.3594035 53,27 C53,12.6405965 41.3594035,1 27,1 C12.6405965,1 1,12.6405965 1,27 C1,41.3594035 12.6405965,53 27,53 Z"
                    />
                  </g>
                </g>
              </svg>
            </div>
            <button
              class="tremor-Button-root flex-shrink-0 inline-flex justify-center items-center group outline-none bg-transparent dark:hover:text-dark-tremor-brand-emphasis text-primary font-normal hover:text-primary dark:text-dark-primary text-xs px-6 py-0"
            >
              <span
                class="tremor-Button-text text-sm whitespace-nowrap"
              >
                Remove file
              </span>
            </button>
          </div>
        </div>
      </label>
    </div>
  </div>,
  "debug": [Function],
  "findAllByAltText": [Function],
  "findAllByDisplayValue": [Function],
  "findAllByLabelText": [Function],
  "findAllByPlaceholderText": [Function],
  "findAllByRole": [Function],
  "findAllByTestId": [Function],
  "findAllByText": [Function],
  "findAllByTitle": [Function],
  "findByAltText": [Function],
  "findByDisplayValue": [Function],
  "findByLabelText": [Function],
  "findByPlaceholderText": [Function],
  "findByRole": [Function],
  "findByTestId": [Function],
  "findByText": [Function],
  "findByTitle": [Function],
  "getAllByAltText": [Function],
  "getAllByDisplayValue": [Function],
  "getAllByLabelText": [Function],
  "getAllByPlaceholderText": [Function],
  "getAllByRole": [Function],
  "getAllByTestId": [Function],
  "getAllByText": [Function],
  "getAllByTitle": [Function],
  "getByAltText": [Function],
  "getByDisplayValue": [Function],
  "getByLabelText": [Function],
  "getByPlaceholderText": [Function],
  "getByRole": [Function],
  "getByTestId": [Function],
  "getByText": [Function],
  "getByTitle": [Function],
  "queryAllByAltText": [Function],
  "queryAllByDisplayValue": [Function],
  "queryAllByLabelText": [Function],
  "queryAllByPlaceholderText": [Function],
  "queryAllByRole": [Function],
  "queryAllByTestId": [Function],
  "queryAllByText": [Function],
  "queryAllByTitle": [Function],
  "queryByAltText": [Function],
  "queryByDisplayValue": [Function],
  "queryByLabelText": [Function],
  "queryByPlaceholderText": [Function],
  "queryByRole": [Function],
  "queryByTestId": [Function],
  "queryByText": [Function],
  "queryByTitle": [Function],
  "rerender": [Function],
  "unmount": [Function],
}
`;
