// Jest Snapshot v1, https://goo.gl/fbAQLP

exports[`InvoiceBody Testing should match snapshot 1`] = `
{
  "asFragment": [Function],
  "baseElement": <body>
    <div>
      <div
        class="tremor-Flex-root flex w-full justify-between invoice-body flex-col items-end"
      >
        <div
          class="tremor-Flex-root flex w-full justify-between mb-7 flex-col md:flex-row items-start md:items-center"
        >
          <div
            class="w-full mb-5 md:mb-0"
          >
            <p
              class="text-base font-normal dark:text-lighter text-secondary dark:print:text-secondary"
            >
              Invoice no
            </p>
            <a
              class="text-tremor-primary text-primary dark:text-white leading-relaxed font-bold tracking-wide no-underline dark:print:text-primary"
              href="#"
            >
              #
              230220
            </a>
          </div>
          <div
            class="w-full"
          >
            <div
              class="tremor-Flex-root flex w-full justify-between items-center flex-col md:flex-row mb-1 md:mb-0"
            >
              <p
                class="w-full mb-1 md:mb-0 text-left md:text-end text-base font-normal dark:text-lighter text-secondary dark:print:text-secondary"
              >
                Invoice date:
              </p>
              <p
                class="w-full text-left md:text-end text-base text-primary font-semibold dark:text-white dark:print:text-primary"
              >
                03/06/2019
              </p>
            </div>
            <div
              class="tremor-Flex-root flex w-full justify-between items-center flex-col md:flex-row"
            >
              <p
                class="w-full mb-1 md:mb-0 text-left md:text-end text-base font-normal dark:text-lighter text-secondary dark:print:text-secondary"
              >
                Due date:
              </p>
              <p
                class="w-full text-left md:text-end text-base text-primary font-semibold dark:text-white dark:print:text-primary"
              >
                03/11/2019
              </p>
            </div>
          </div>
        </div>
        <div
          class="min-h-[500px] flex justify-center items-center"
          role="status"
        >
          <svg
            aria-hidden="true"
            class="w-8 h-8 text-transparent animate-[spin_0.4s_linear_infinite] dark:text-gray-600 fill-river-bed-500 dark:fill-white"
            fill="none"
            viewBox="0 0 22 24"
            xmlns="http://www.w3.org/2000/svg"
          >
            <path
              d="M11 3C11 2.44772 11.4477 2 12 2C17.5228 2 22 6.47715 22 12C22 14.7175 20.9147 17.1835 19.1562 18.9849C18.7704 19.3801 18.1373 19.3878 17.7421 19.002C17.3469 18.6162 17.3392 17.983 17.725 17.5879C19.1336 16.1449 20 14.1746 20 12C20 7.58172 16.4183 4 12 4C11.4477 4 11 3.55228 11 3Z"
              fill="currentFill"
            />
          </svg>
          <span
            class="sr-only"
          >
            Loading...
          </span>
        </div>
      </div>
    </div>
  </body>,
  "container": <div>
    <div
      class="tremor-Flex-root flex w-full justify-between invoice-body flex-col items-end"
    >
      <div
        class="tremor-Flex-root flex w-full justify-between mb-7 flex-col md:flex-row items-start md:items-center"
      >
        <div
          class="w-full mb-5 md:mb-0"
        >
          <p
            class="text-base font-normal dark:text-lighter text-secondary dark:print:text-secondary"
          >
            Invoice no
          </p>
          <a
            class="text-tremor-primary text-primary dark:text-white leading-relaxed font-bold tracking-wide no-underline dark:print:text-primary"
            href="#"
          >
            #
            230220
          </a>
        </div>
        <div
          class="w-full"
        >
          <div
            class="tremor-Flex-root flex w-full justify-between items-center flex-col md:flex-row mb-1 md:mb-0"
          >
            <p
              class="w-full mb-1 md:mb-0 text-left md:text-end text-base font-normal dark:text-lighter text-secondary dark:print:text-secondary"
            >
              Invoice date:
            </p>
            <p
              class="w-full text-left md:text-end text-base text-primary font-semibold dark:text-white dark:print:text-primary"
            >
              03/06/2019
            </p>
          </div>
          <div
            class="tremor-Flex-root flex w-full justify-between items-center flex-col md:flex-row"
          >
            <p
              class="w-full mb-1 md:mb-0 text-left md:text-end text-base font-normal dark:text-lighter text-secondary dark:print:text-secondary"
            >
              Due date:
            </p>
            <p
              class="w-full text-left md:text-end text-base text-primary font-semibold dark:text-white dark:print:text-primary"
            >
              03/11/2019
            </p>
          </div>
        </div>
      </div>
      <div
        class="min-h-[500px] flex justify-center items-center"
        role="status"
      >
        <svg
          aria-hidden="true"
          class="w-8 h-8 text-transparent animate-[spin_0.4s_linear_infinite] dark:text-gray-600 fill-river-bed-500 dark:fill-white"
          fill="none"
          viewBox="0 0 22 24"
          xmlns="http://www.w3.org/2000/svg"
        >
          <path
            d="M11 3C11 2.44772 11.4477 2 12 2C17.5228 2 22 6.47715 22 12C22 14.7175 20.9147 17.1835 19.1562 18.9849C18.7704 19.3801 18.1373 19.3878 17.7421 19.002C17.3469 18.6162 17.3392 17.983 17.725 17.5879C19.1336 16.1449 20 14.1746 20 12C20 7.58172 16.4183 4 12 4C11.4477 4 11 3.55228 11 3Z"
            fill="currentFill"
          />
        </svg>
        <span
          class="sr-only"
        >
          Loading...
        </span>
      </div>
    </div>
  </div>,
  "debug": [Function],
  "findAllByAltText": [Function],
  "findAllByDisplayValue": [Function],
  "findAllByLabelText": [Function],
  "findAllByPlaceholderText": [Function],
  "findAllByRole": [Function],
  "findAllByTestId": [Function],
  "findAllByText": [Function],
  "findAllByTitle": [Function],
  "findByAltText": [Function],
  "findByDisplayValue": [Function],
  "findByLabelText": [Function],
  "findByPlaceholderText": [Function],
  "findByRole": [Function],
  "findByTestId": [Function],
  "findByText": [Function],
  "findByTitle": [Function],
  "getAllByAltText": [Function],
  "getAllByDisplayValue": [Function],
  "getAllByLabelText": [Function],
  "getAllByPlaceholderText": [Function],
  "getAllByRole": [Function],
  "getAllByTestId": [Function],
  "getAllByText": [Function],
  "getAllByTitle": [Function],
  "getByAltText": [Function],
  "getByDisplayValue": [Function],
  "getByLabelText": [Function],
  "getByPlaceholderText": [Function],
  "getByRole": [Function],
  "getByTestId": [Function],
  "getByText": [Function],
  "getByTitle": [Function],
  "queryAllByAltText": [Function],
  "queryAllByDisplayValue": [Function],
  "queryAllByLabelText": [Function],
  "queryAllByPlaceholderText": [Function],
  "queryAllByRole": [Function],
  "queryAllByTestId": [Function],
  "queryAllByText": [Function],
  "queryAllByTitle": [Function],
  "queryByAltText": [Function],
  "queryByDisplayValue": [Function],
  "queryByLabelText": [Function],
  "queryByPlaceholderText": [Function],
  "queryByRole": [Function],
  "queryByTestId": [Function],
  "queryByText": [Function],
  "queryByTitle": [Function],
  "rerender": [Function],
  "unmount": [Function],
}
`;
