// Jest Snapshot v1, https://goo.gl/fbAQLP

exports[`Socials Component Should match snapshot 1`] = `
<div>
  <div
    class="tremor-Card-root relative w-full text-left rounded-tremor-default p-6 bg-tremor-background ring-tremor-ring shadow-tremor-card dark:ring-dark-tremor-ring dark:shadow-dark-tremor-card border-tremor-brand dark:border-dark-tremor-brand dark:bg-dark-tremor-primary ring-0"
  >
    <p
      class="text-tremor-title font-primary font-bold text-primary dark:text-dark-primary text-xl leading-snug capitalize"
    >
      Socials
    </p>
    <div
      class="tremor-Flex-root flex w-full flex-col justify-start items-start mt-4 gap-6"
    >
      <div
        class="w-full mb-4"
      >
        <div
          class="w-full"
        >
          <label
            class="text-secondary text-sm dark:text-lighter"
            for="edit-shopify"
          >
            Shopify Handle
          </label>
          <input
            class="block py-2.5 px-0 w-full text-sm text-primary bg-transparent border-0 border-b-2 border-gray-300 appearance-none dark:text-white dark:border-gray-600 dark:focus:border-gray-500 focus:outline-none focus:ring-0 focus:border-gray-600 peer"
            id="edit-shopify"
            name="shopifyUrl"
            placeholder=""
            type="text"
          />
        </div>
      </div>
      <div
        class="w-full mb-4"
      >
        <div
          class="w-full"
        >
          <label
            class="text-secondary text-sm dark:text-lighter"
            for="edit-fb"
          >
            Facebook Account
          </label>
          <input
            class="block py-2.5 px-0 w-full text-sm text-primary bg-transparent border-0 border-b-2 border-gray-300 appearance-none dark:text-white dark:border-gray-600 dark:focus:border-gray-500 focus:outline-none focus:ring-0 focus:border-gray-600 peer"
            id="edit-fb"
            name="facebookUrl"
            placeholder=""
            type="text"
          />
        </div>
      </div>
      <div
        class="w-full mb-4"
      >
        <div
          class="w-full"
        >
          <label
            class="text-secondary text-sm dark:text-lighter"
            for="edit-ig"
          >
            Instagram Account
          </label>
          <input
            class="block py-2.5 px-0 w-full text-sm text-primary bg-transparent border-0 border-b-2 border-gray-300 appearance-none dark:text-white dark:border-gray-600 dark:focus:border-gray-500 focus:outline-none focus:ring-0 focus:border-gray-600 peer"
            id="edit-ig"
            name="instagramUrl"
            placeholder=""
            type="text"
          />
        </div>
      </div>
    </div>
  </div>
</div>
`;
