// Jest Snapshot v1, https://goo.gl/fbAQLP

exports[`Testing breadcrumb component Should match snapshot 1`] = `
<div>
  <nav
    class=""
  >
    <ol
      class="flex flex-wrap gap-1 sm:gap-2 items-center text-gray-400 dark:text-white"
    >
      <li
        class="text-sm flex items-center gap-1 sm:gap-2 capitalize dark:text-dark-primary tracking-[0.02857em]"
      >
        <a
          aria-label="Home icon"
          href="/analytics"
        >
          <svg
            class="text-lg"
            fill="currentColor"
            height="1em"
            stroke="currentColor"
            stroke-width="0"
            viewBox="0 0 24 24"
            width="1em"
            xmlns="http://www.w3.org/2000/svg"
          >
            <path
              d="M0 0h24v24H0z"
              fill="none"
            />
            <path
              d="M10 20v-6h4v6h5v-8h3L12 3 2 12h3v8z"
            />
          </svg>
        </a>
        /
      </li>
      <li
        class="flex gap-1 sm:gap-2 bc-link text-sm capitalize tracking-[0.02857em] text-primary text-tremor-content-title dark:text-dark-tremor-content-title"
      >
        <a
          href="/analytics"
        >
          analytics
        </a>
      </li>
    </ol>
    <p
      class="text-tremor-title dark:text-dark-tremor-content-title font-bold capitalize tracking-[0.0075em] mt-1 text-primary"
    />
  </nav>
</div>
`;
