// Jest Snapshot v1, https://goo.gl/fbAQLP

exports[`Toast component should render Toast component snapshot correctly 1`] = `
<div>
  <div
    class="fixed right-5 top-5 flex items-center w-full max-w-xs p-4 mb-4 z-40 text-gray-500 bg-white rounded-lg shadow dark:text-gray-400 dark:bg-gray-800"
    data-testid="toast"
    role="alert"
  >
    <div
      class="inline-flex items-center justify-center flex-shrink-0 w-8 h-8 text-green-500 bg-green-100 rounded-lg dark:bg-green-800 dark:text-green-200"
    >
      <svg
        fill="currentColor"
        height="1em"
        stroke="currentColor"
        stroke-width="0"
        viewBox="0 0 512 512"
        width="1em"
        xmlns="http://www.w3.org/2000/svg"
      >
        <path
          d="M504 256c0 136.967-111.033 248-248 248S8 392.967 8 256 119.033 8 256 8s248 111.033 248 248zM227.314 387.314l184-184c6.248-6.248 6.248-16.379 0-22.627l-22.627-22.627c-6.248-6.249-16.379-6.249-22.628 0L216 308.118l-70.059-70.059c-6.248-6.248-16.379-6.248-22.628 0l-22.627 22.627c-6.248 6.248-6.248 16.379 0 22.627l104 104c6.249 6.249 16.379 6.249 22.628.001z"
        />
      </svg>
    </div>
    <div
      class="ms-3 text-sm font-normal"
    >
      Sign up successfully.
    </div>
    <button
      aria-label="Close"
      class="tremor-Button-root flex-shrink-0 group font-medium outline-none rounded-tremor-default shadow-tremor-input dark:shadow-dark-tremor-input border text-sm border-tremor-brand dark:border-dark-tremor-brand hover:border-tremor-brand-emphasis dark:hover:border-dark-tremor-brand-emphasis 123 ms-auto -mx-1.5 -my-1.5 bg-white text-gray-400 hover:text-gray-900 rounded-lg focus:ring-2 focus:ring-gray-300 p-1.5 hover:bg-gray-100 inline-flex items-center justify-center h-8 w-8 dark:text-gray-500 dark:hover:text-white dark:bg-gray-800 dark:hover:bg-gray-700"
      type="button"
    >
      <span
        class="tremor-Button-text text-sm whitespace-nowrap"
      >
        <svg
          fill="currentColor"
          height="1em"
          stroke="currentColor"
          stroke-width="0"
          viewBox="0 0 512 512"
          width="1em"
          xmlns="http://www.w3.org/2000/svg"
        >
          <path
            d="M289.94 256l95-95A24 24 0 00351 127l-95 95-95-95a24 24 0 00-34 34l95 95-95 95a24 24 0 1034 34l95-95 95 95a24 24 0 0034-34z"
          />
        </svg>
      </span>
    </button>
  </div>
</div>
`;
