// Jest Snapshot v1, https://goo.gl/fbAQLP

exports[`Order Row Testing should match snapshot 1`] = `
{
  "asFragment": [Function],
  "baseElement": <body>
    <div>
      <tr
        class="tremor-TableRow-row"
      >
        <td
          class="tremor-TableCell-root align-middle whitespace-nowrap tabular-nums text-left p-4 px-6 py-5 border-0 border-b border-gray-100"
        >
          <div
            class="tremor-Flex-root flex w-full flex-row items-center justify-start ml-2"
          >
            <input
              class="w-5 h-5 accent-primary checked:bg-blue-500 rounded-3xl"
              type="checkbox"
            />
            <a
              class="ml-4 text-xs font-semibold leading-[15px] tracking-[0.4px] order-id hover:underline"
              href="/order-list/1"
            >
              #
              1
            </a>
          </div>
        </td>
        <td
          class="tremor-TableCell-root align-middle whitespace-nowrap tabular-nums text-left p-4 px-6 py-5 border-0 border-b border-gray-100"
        >
          <p
            class="text-tremor-default text-tremor-content dark:text-dark-tremor-content text-xs font-semibold leading-[15px] tracking-[0.4px] order-dagte"
          >
            22 Nov, 12:00 AM
          </p>
        </td>
        <td
          class="tremor-TableCell-root align-middle whitespace-nowrap tabular-nums text-left p-4 px-6 py-5 border-0 border-b border-gray-100"
        >
          <div
            class="tremor-Flex-root flex w-full flex-row items-center justify-start text-xs font-semibold leading-[15px] tracking-[0.4px] capitalize order-status"
          >
            <button
              class="tremor-Button-root flex-shrink-0 inline-flex group font-medium outline-none text-sm dark:text-dark-tremor-brand bg-transparent dark:hover:text-dark-tremor-brand-emphasis w-[25px] h-[25px] justify-center items-center rounded-full border border-red-500 mr-2 text-tremor-content-title hover:text-tremor-content-title"
            >
              <span
                class="tremor-Button-text text-sm whitespace-nowrap"
              >
                <svg
                  class="text-xs text-red-500"
                  fill="currentColor"
                  height="1em"
                  stroke="currentColor"
                  stroke-width="0"
                  viewBox="0 0 24 24"
                  width="1em"
                  xmlns="http://www.w3.org/2000/svg"
                >
                  <path
                    d="M0 0h24v24H0z"
                    fill="none"
                  />
                  <path
                    d="M19 6.41L17.59 5 12 10.59 6.41 5 5 6.41 10.59 12 5 17.59 6.41 19 12 13.41 17.59 19 19 17.59 13.41 12z"
                  />
                </svg>
              </span>
            </button>
            <p
              class="text-tremor-default text-tremor-content dark:text-dark-tremor-content text-xs font-semibold leading-[15px] tracking-[0.4px] capitalize order-status"
            >
              Canceled
            </p>
          </div>
        </td>
        <td
          class="tremor-TableCell-root align-middle whitespace-nowrap tabular-nums text-left p-4 px-6 py-5 border-0 border-b border-gray-100"
        >
          <div
            class="tremor-Flex-root flex flex-row items-center w-auto justify-start"
          >
            <img
              alt="Customer 001"
              class="w-6 h-6 rounded-full mr-2"
              data-nimg="1"
              decoding="async"
              fetchpriority="high"
              height="24"
              src="http://localhost/_next/image?url=https%3A%2F%2Fdemos.creative-tim.com%2Fnextjs-material-dashboard-pro%2F%2F_next%2Fstatic%2Fmedia%2Fteam-2.1593fb7f.jpg&w=48&q=75"
              srcset="/_next/image?url=https%3A%2F%2Fdemos.creative-tim.com%2Fnextjs-material-dashboard-pro%2F%2F_next%2Fstatic%2Fmedia%2Fteam-2.1593fb7f.jpg&w=32&q=75 1x, /_next/image?url=https%3A%2F%2Fdemos.creative-tim.com%2Fnextjs-material-dashboard-pro%2F%2F_next%2Fstatic%2Fmedia%2Fteam-2.1593fb7f.jpg&w=48&q=75 2x"
              style="color: transparent;"
              width="24"
            />
            <p
              class="text-tremor-default text-tremor-content dark:text-dark-tremor-content text-xs font-semibold leading-[15px] tracking-[0.4px] capitalize order-customer"
            >
              Customer 001
            </p>
          </div>
        </td>
        <td
          class="tremor-TableCell-root align-middle whitespace-nowrap tabular-nums text-left p-4 px-6 py-5 border-0 border-b border-gray-100"
        >
          <p
            class="text-tremor-default text-tremor-content dark:text-dark-tremor-content text-xs font-semibold leading-[15px] tracking-[0.4px] truncate max-w-[100px] lg:max-w-[200px] xl:max-w-[300px] 2xl:max-w-[400px] min-w-[100px] order-product"
          >
            Christopher Knight Home
          </p>
          <p
            class="text-tremor-default text-tremor-content dark:text-dark-tremor-content text-xs font-semibold leading-[15px] tracking-[0.4px] truncate max-w-[100px] lg:max-w-[200px] xl:max-w-[300px] 2xl:max-w-[400px] min-w-[100px] order-product"
          >
            Bar Height Swivel Barstool
          </p>
        </td>
        <td
          class="tremor-TableCell-root align-middle whitespace-nowrap tabular-nums text-left p-4 px-6 py-5 border-0 border-b border-gray-100"
        >
          <p
            class="text-tremor-default text-tremor-content dark:text-dark-tremor-content text-xs font-semibold leading-[15px] tracking-[0.4px] order-revenue"
          >
            $revenue
          </p>
        </td>
      </tr>
    </div>
  </body>,
  "container": <div>
    <tr
      class="tremor-TableRow-row"
    >
      <td
        class="tremor-TableCell-root align-middle whitespace-nowrap tabular-nums text-left p-4 px-6 py-5 border-0 border-b border-gray-100"
      >
        <div
          class="tremor-Flex-root flex w-full flex-row items-center justify-start ml-2"
        >
          <input
            class="w-5 h-5 accent-primary checked:bg-blue-500 rounded-3xl"
            type="checkbox"
          />
          <a
            class="ml-4 text-xs font-semibold leading-[15px] tracking-[0.4px] order-id hover:underline"
            href="/order-list/1"
          >
            #
            1
          </a>
        </div>
      </td>
      <td
        class="tremor-TableCell-root align-middle whitespace-nowrap tabular-nums text-left p-4 px-6 py-5 border-0 border-b border-gray-100"
      >
        <p
          class="text-tremor-default text-tremor-content dark:text-dark-tremor-content text-xs font-semibold leading-[15px] tracking-[0.4px] order-dagte"
        >
          22 Nov, 12:00 AM
        </p>
      </td>
      <td
        class="tremor-TableCell-root align-middle whitespace-nowrap tabular-nums text-left p-4 px-6 py-5 border-0 border-b border-gray-100"
      >
        <div
          class="tremor-Flex-root flex w-full flex-row items-center justify-start text-xs font-semibold leading-[15px] tracking-[0.4px] capitalize order-status"
        >
          <button
            class="tremor-Button-root flex-shrink-0 inline-flex group font-medium outline-none text-sm dark:text-dark-tremor-brand bg-transparent dark:hover:text-dark-tremor-brand-emphasis w-[25px] h-[25px] justify-center items-center rounded-full border border-red-500 mr-2 text-tremor-content-title hover:text-tremor-content-title"
          >
            <span
              class="tremor-Button-text text-sm whitespace-nowrap"
            >
              <svg
                class="text-xs text-red-500"
                fill="currentColor"
                height="1em"
                stroke="currentColor"
                stroke-width="0"
                viewBox="0 0 24 24"
                width="1em"
                xmlns="http://www.w3.org/2000/svg"
              >
                <path
                  d="M0 0h24v24H0z"
                  fill="none"
                />
                <path
                  d="M19 6.41L17.59 5 12 10.59 6.41 5 5 6.41 10.59 12 5 17.59 6.41 19 12 13.41 17.59 19 19 17.59 13.41 12z"
                />
              </svg>
            </span>
          </button>
          <p
            class="text-tremor-default text-tremor-content dark:text-dark-tremor-content text-xs font-semibold leading-[15px] tracking-[0.4px] capitalize order-status"
          >
            Canceled
          </p>
        </div>
      </td>
      <td
        class="tremor-TableCell-root align-middle whitespace-nowrap tabular-nums text-left p-4 px-6 py-5 border-0 border-b border-gray-100"
      >
        <div
          class="tremor-Flex-root flex flex-row items-center w-auto justify-start"
        >
          <img
            alt="Customer 001"
            class="w-6 h-6 rounded-full mr-2"
            data-nimg="1"
            decoding="async"
            fetchpriority="high"
            height="24"
            src="http://localhost/_next/image?url=https%3A%2F%2Fdemos.creative-tim.com%2Fnextjs-material-dashboard-pro%2F%2F_next%2Fstatic%2Fmedia%2Fteam-2.1593fb7f.jpg&w=48&q=75"
            srcset="/_next/image?url=https%3A%2F%2Fdemos.creative-tim.com%2Fnextjs-material-dashboard-pro%2F%2F_next%2Fstatic%2Fmedia%2Fteam-2.1593fb7f.jpg&w=32&q=75 1x, /_next/image?url=https%3A%2F%2Fdemos.creative-tim.com%2Fnextjs-material-dashboard-pro%2F%2F_next%2Fstatic%2Fmedia%2Fteam-2.1593fb7f.jpg&w=48&q=75 2x"
            style="color: transparent;"
            width="24"
          />
          <p
            class="text-tremor-default text-tremor-content dark:text-dark-tremor-content text-xs font-semibold leading-[15px] tracking-[0.4px] capitalize order-customer"
          >
            Customer 001
          </p>
        </div>
      </td>
      <td
        class="tremor-TableCell-root align-middle whitespace-nowrap tabular-nums text-left p-4 px-6 py-5 border-0 border-b border-gray-100"
      >
        <p
          class="text-tremor-default text-tremor-content dark:text-dark-tremor-content text-xs font-semibold leading-[15px] tracking-[0.4px] truncate max-w-[100px] lg:max-w-[200px] xl:max-w-[300px] 2xl:max-w-[400px] min-w-[100px] order-product"
        >
          Christopher Knight Home
        </p>
        <p
          class="text-tremor-default text-tremor-content dark:text-dark-tremor-content text-xs font-semibold leading-[15px] tracking-[0.4px] truncate max-w-[100px] lg:max-w-[200px] xl:max-w-[300px] 2xl:max-w-[400px] min-w-[100px] order-product"
        >
          Bar Height Swivel Barstool
        </p>
      </td>
      <td
        class="tremor-TableCell-root align-middle whitespace-nowrap tabular-nums text-left p-4 px-6 py-5 border-0 border-b border-gray-100"
      >
        <p
          class="text-tremor-default text-tremor-content dark:text-dark-tremor-content text-xs font-semibold leading-[15px] tracking-[0.4px] order-revenue"
        >
          $revenue
        </p>
      </td>
    </tr>
  </div>,
  "debug": [Function],
  "findAllByAltText": [Function],
  "findAllByDisplayValue": [Function],
  "findAllByLabelText": [Function],
  "findAllByPlaceholderText": [Function],
  "findAllByRole": [Function],
  "findAllByTestId": [Function],
  "findAllByText": [Function],
  "findAllByTitle": [Function],
  "findByAltText": [Function],
  "findByDisplayValue": [Function],
  "findByLabelText": [Function],
  "findByPlaceholderText": [Function],
  "findByRole": [Function],
  "findByTestId": [Function],
  "findByText": [Function],
  "findByTitle": [Function],
  "getAllByAltText": [Function],
  "getAllByDisplayValue": [Function],
  "getAllByLabelText": [Function],
  "getAllByPlaceholderText": [Function],
  "getAllByRole": [Function],
  "getAllByTestId": [Function],
  "getAllByText": [Function],
  "getAllByTitle": [Function],
  "getByAltText": [Function],
  "getByDisplayValue": [Function],
  "getByLabelText": [Function],
  "getByPlaceholderText": [Function],
  "getByRole": [Function],
  "getByTestId": [Function],
  "getByText": [Function],
  "getByTitle": [Function],
  "queryAllByAltText": [Function],
  "queryAllByDisplayValue": [Function],
  "queryAllByLabelText": [Function],
  "queryAllByPlaceholderText": [Function],
  "queryAllByRole": [Function],
  "queryAllByTestId": [Function],
  "queryAllByText": [Function],
  "queryAllByTitle": [Function],
  "queryByAltText": [Function],
  "queryByDisplayValue": [Function],
  "queryByLabelText": [Function],
  "queryByPlaceholderText": [Function],
  "queryByRole": [Function],
  "queryByTestId": [Function],
  "queryByText": [Function],
  "queryByTitle": [Function],
  "rerender": [Function],
  "unmount": [Function],
}
`;
