// Jest Snapshot v1, https://goo.gl/fbAQLP

exports[`InputDebounce component should clear the search value and delete the parameter 1`] = `
<div>
  <div
    class="tremor-Flex-root flex w-full flex-row justify-end items-center p-6 relative"
  >
    <div
      class="tremor-TextInput-root relative flex items-center min-w-[10rem] outline-none rounded-tremor-default transition duration-100 border shadow-tremor-input dark:shadow-dark-tremor-input bg-tremor-background hover:bg-tremor-background-muted dark:hover:bg-dark-tremor-background-muted text-tremor-content dark:text-dark-tremor-content border-tremor-border w-auto dark:bg-transparent dark:border-white"
    >
      <input
        class="tremor-TextInput-input w-full bg-transparent focus:outline-none focus:ring-0 border-none text-tremor-default rounded-tremor-default transition duration-100 py-2 text-tremor-content-emphasis dark:text-dark-tremor-content-emphasis [appearance:textfield] [&::-webkit-outer-spin-button]:appearance-none [&::-webkit-inner-spin-button]:appearance-none pr-3 pl-3 placeholder:text-tremor-content dark:placeholder:text-dark-tremor-content"
        data-testid="base-input"
        id="search_order"
        placeholder="Search..."
        style="padding-right: 1rem;"
        type="text"
        value=""
      />
    </div>
  </div>
</div>
`;

exports[`InputDebounce component should matches snapshot 1`] = `
<div>
  <div
    class="tremor-Flex-root flex w-full flex-row justify-end items-center p-6 relative"
  >
    <div
      class="tremor-TextInput-root relative flex items-center min-w-[10rem] outline-none rounded-tremor-default transition duration-100 border shadow-tremor-input dark:shadow-dark-tremor-input bg-tremor-background hover:bg-tremor-background-muted dark:hover:bg-dark-tremor-background-muted text-tremor-content dark:text-dark-tremor-content border-tremor-border w-auto dark:bg-transparent dark:border-white"
    >
      <input
        class="tremor-TextInput-input w-full bg-transparent focus:outline-none focus:ring-0 border-none text-tremor-default rounded-tremor-default transition duration-100 py-2 text-tremor-content-emphasis dark:text-dark-tremor-content-emphasis [appearance:textfield] [&::-webkit-outer-spin-button]:appearance-none [&::-webkit-inner-spin-button]:appearance-none pr-3 pl-3 placeholder:text-tremor-content dark:placeholder:text-dark-tremor-content"
        data-testid="base-input"
        id="search_order"
        placeholder="Search..."
        style="padding-right: 1rem;"
        type="text"
        value=""
      />
    </div>
  </div>
</div>
`;

exports[`InputDebounce component should reset search and update URL parameters when reset is clicked 1`] = `
<div>
  <div
    class="tremor-Flex-root flex w-full flex-row justify-end items-center p-6 relative"
  >
    <div
      class="tremor-TextInput-root relative flex items-center min-w-[10rem] outline-none rounded-tremor-default transition duration-100 border shadow-tremor-input dark:shadow-dark-tremor-input bg-tremor-background hover:bg-tremor-background-muted dark:hover:bg-dark-tremor-background-muted text-tremor-content dark:text-dark-tremor-content border-tremor-border w-auto dark:bg-transparent dark:border-white"
    >
      <input
        class="tremor-TextInput-input w-full bg-transparent focus:outline-none focus:ring-0 border-none text-tremor-default rounded-tremor-default transition duration-100 py-2 text-tremor-content-emphasis dark:text-dark-tremor-content-emphasis [appearance:textfield] [&::-webkit-outer-spin-button]:appearance-none [&::-webkit-inner-spin-button]:appearance-none pr-3 pl-3 placeholder:text-tremor-content dark:placeholder:text-dark-tremor-content"
        data-testid="base-input"
        id="search_order"
        placeholder="Search..."
        style="padding-right: 1rem;"
        type="text"
        value=""
      />
    </div>
  </div>
</div>
`;
